[debug] [2026-10-01T23:22:05.114Z] ----------------------------------------------------------------------
[debug] [2026-10-01T23:22:05.118Z] Command:       C:\Program Files\nodejs\node.exe C:\Users\guigo\AppData\Roaming\npm\node_modules\firebase-tools\lib\bin\firebase.js projects:list
[debug] [2026-10-01T23:22:05.118Z] CLI Version:   12.8.0
[debug] [2026-10-01T23:22:05.119Z] Platform:      win32
[debug] [2026-10-01T23:22:05.119Z] Node Version:  v24.18.0
[debug] [2026-10-01T23:22:05.119Z] Time:          Thu Oct 01 2026 19:22:05 GMT-0400 (Horário Padrão do Amazonas)
[debug] [2026-10-01T23:22:05.119Z] ----------------------------------------------------------------------
[debug] 
[debug] [2026-10-01T23:22:05.126Z] >>> [apiv2][query] GET https://firebase-public.firebaseio.com/cli.json [none]
[debug] [2026-10-01T23:22:05.160Z] > command requires scopes: ["email","openid","https://www.googleapis.com/auth/cloudplatformprojects.readonly","https://www.googleapis.com/auth/firebase","https://www.googleapis.com/auth/cloud-platform"]
[debug] [2026-10-01T23:22:05.161Z] > authorizing via signed-in user (guigomes.ti@gmail.com)
[debug] [2026-10-01T23:22:05.165Z] > refreshing access token with scopes: []
[debug] [2026-10-01T23:22:05.166Z] >>> [apiv2][query] POST https://www.googleapis.com/oauth2/v3/token [none]
[debug] [2026-10-01T23:22:05.166Z] >>> [apiv2][body] POST https://www.googleapis.com/oauth2/v3/token [omitted]
[debug] [2026-10-01T23:22:05.507Z] <<< [apiv2][status] POST https://www.googleapis.com/oauth2/v3/token 400
[debug] [2026-10-01T23:22:05.507Z] <<< [apiv2][body] POST https://www.googleapis.com/oauth2/v3/token [omitted]
[debug] [2026-10-01T23:22:05.507Z] >>> [apiv2][query] GET https://firebase.googleapis.com/v1beta1/projects pageSize=1000
[debug] [2026-10-01T23:22:05.596Z] <<< [apiv2][status] GET https://firebase-public.firebaseio.com/cli.json 200
[debug] [2026-10-01T23:22:05.596Z] <<< [apiv2][body] GET https://firebase-public.firebaseio.com/cli.json {"cloudBuildErrorAfter":1594252800000,"cloudBuildWarnAfter":1590019200000,"defaultNode10After":1594252800000,"minVersion":"3.0.5","node8DeploysDisabledAfter":1613390400000,"node8RuntimeDisabledAfter":1615809600000,"node8WarnAfter":1600128000000}
[debug] [2026-10-01T23:22:05.808Z] <<< [apiv2][status] GET https://firebase.googleapis.com/v1beta1/projects 401
[debug] [2026-10-01T23:22:05.809Z] <<< [apiv2][body] GET https://firebase.googleapis.com/v1beta1/projects [omitted]
[debug] [2026-10-01T23:22:05.810Z] HTTP Error: 401, Request had invalid authentication credentials. Expected OAuth 2 access token, login cookie or other valid authentication credential. See https://developers.google.com/identity/sign-in/web/devconsole-project.
[debug] [2026-10-01T23:22:06.058Z] FirebaseError: HTTP Error: 401, Request had invalid authentication credentials. Expected OAuth 2 access token, login cookie or other valid authentication credential. See https://developers.google.com/identity/sign-in/web/devconsole-project.
    at responseToError (C:\Users\guigo\AppData\Roaming\npm\node_modules\firebase-tools\lib\responseToError.js:49:12)
    at RetryOperation._fn (C:\Users\guigo\AppData\Roaming\npm\node_modules\firebase-tools\lib\apiv2.js:285:77)
    at process.processTicksAndRejections (node:internal/process/task_queues:104:5)
[error] 
[error] Error: Failed to list Firebase projects. See firebase-debug.log for more info.
